// Jest Snapshot v1, https://goo.gl/fbAQLP

exports[`Bar renders 1`] = `
<div>
  <div
    className="justify-content-center mt-1 row"
  />
</div>
`;
