// Jest Snapshot v1, https://goo.gl/fbAQLP

exports[`Images renders 1`] = `
<div>
  <div
    className="justify-content-md-center row"
  >
    <div
      className="col"
    >
      <img
        className="card-img"
        src={null}
        style={
          Object {
            "height": "37rem",
          }
        }
      />
    </div>
  </div>
</div>
`;
