// Jest Snapshot v1, https://goo.gl/fbAQLP

exports[`Matches renders 1`] = `
Array [
  <nav
    className="justify-content-between navbar navbar-expand-lg navbar-light bg-light"
  >
    <span
      className="navbar-brand"
    >
      <a
        href="/"
        onClick={[Function]}
      >
         
        <img
          alt="Heart Logo"
          className="Heart-Logo"
          id="Heart"
          src="heart.svg"
          width="40"
        />
        <svg
          fill="none"
          height="17"
          id="logo"
          viewBox="0 0 144 17"
          width="144"
          xmlns="http://www.w3.org/2000/svg"
        >
          <path
            d="M5.10742 8.1582H8.00781C8.13802 8.1582 8.25846 8.14844 8.36914 8.12891C8.47982 8.10938 8.58398 8.0638 8.68164 7.99219C8.7793 7.92057 8.86719 7.81641 8.94531 7.67969C9.02995 7.54297 9.10807 7.35417 9.17969 7.11328H9.6875C9.6875 7.70573 9.67773 8.30143 9.6582 8.90039C9.63867 9.49284 9.60938 10.0527 9.57031 10.5801H8.95508C8.87695 10.3457 8.79883 10.1536 8.7207 10.0039C8.64258 9.85417 8.55469 9.73698 8.45703 9.65234C8.36589 9.56771 8.25846 9.51237 8.13477 9.48633C8.01107 9.45378 7.86133 9.4375 7.68555 9.4375H5.10742V13.4707C5.10742 13.7441 5.12044 13.9785 5.14648 14.1738C5.17253 14.3626 5.20833 14.5319 5.25391 14.6816C5.39714 14.7272 5.55339 14.7533 5.72266 14.7598C5.89193 14.7663 6.07096 14.7695 6.25977 14.7695H7.13867V16.1367C6.56576 16.1042 6.02865 16.0716 5.52734 16.0391C5.02604 16.013 4.53125 16 4.04297 16C3.54818 16 3.06641 16.013 2.59766 16.0391C2.12891 16.0651 1.65039 16.0944 1.16211 16.127C1.12956 16.127 1.09375 16.127 1.05469 16.127C1.02214 16.1335 0.989583 16.1367 0.957031 16.1367V14.7695H1.82617C2.01497 14.7695 2.19401 14.7663 2.36328 14.7598C2.53255 14.7533 2.6888 14.7272 2.83203 14.6816C2.92969 14.4277 2.97852 14.0762 2.97852 13.627V4.49609C2.97852 4.02083 2.92643 3.65951 2.82227 3.41211C2.69206 3.36003 2.55208 3.33073 2.40234 3.32422C2.2526 3.31771 2.0931 3.31445 1.92383 3.31445H0.761719V2.25977C1.54948 2.16862 2.50977 2.09701 3.64258 2.04492C4.7819 1.99284 6.08073 1.9668 7.53906 1.9668H11.8359C11.9141 2.44857 11.9759 2.85872 12.0215 3.19727C12.0671 3.5293 12.1029 3.80924 12.1289 4.03711C12.1615 4.25846 12.181 4.43099 12.1875 4.55469C12.2005 4.67839 12.2103 4.76953 12.2168 4.82812L10.791 4.88672C10.791 4.75651 10.7715 4.56445 10.7324 4.31055C10.6999 4.05013 10.6315 3.77344 10.5273 3.48047C10.3125 3.3763 10.013 3.30469 9.62891 3.26562C9.2513 3.22656 8.74674 3.20703 8.11523 3.20703C8.03711 3.20703 7.93294 3.21029 7.80273 3.2168C7.67904 3.2168 7.50326 3.22005 7.27539 3.22656C7.05404 3.22656 6.76758 3.23307 6.41602 3.24609C6.06445 3.2526 5.62826 3.26237 5.10742 3.27539V8.1582Z"
            mask="url(#path-1-outside-1)"
            stroke="#E03838"
            strokeWidth="1.2"
          />
          <path
            d="M15.0195 2.25977C15.0195 1.8431 15.1432 1.51107 15.3906 1.26367C15.6445 1.01628 15.9668 0.892578 16.3574 0.892578C16.5527 0.892578 16.7318 0.92513 16.8945 0.990234C17.0573 1.05534 17.1973 1.14648 17.3145 1.26367C17.4316 1.38086 17.5228 1.52409 17.5879 1.69336C17.6595 1.86263 17.6953 2.05143 17.6953 2.25977C17.6953 2.45508 17.6595 2.63737 17.5879 2.80664C17.5228 2.9694 17.4316 3.11263 17.3145 3.23633C17.1973 3.35352 17.0573 3.44466 16.8945 3.50977C16.7318 3.57487 16.5527 3.60742 16.3574 3.60742C16.1621 3.60742 15.9831 3.57487 15.8203 3.50977C15.6576 3.44466 15.5143 3.35352 15.3906 3.23633C15.2734 3.11263 15.1823 2.9694 15.1172 2.80664C15.0521 2.63737 15.0195 2.45508 15.0195 2.25977ZM19.082 15.8926C18.7435 15.9772 18.3594 16.0358 17.9297 16.0684C17.5 16.1074 17.0215 16.127 16.4941 16.127C16.3509 16.127 16.2044 16.1139 16.0547 16.0879C15.9115 16.0684 15.7812 16.0293 15.6641 15.9707C15.5469 15.9056 15.4492 15.821 15.3711 15.7168C15.2995 15.6061 15.2637 15.4629 15.2637 15.2871C15.2637 14.9681 15.2734 14.6523 15.293 14.3398C15.319 14.0273 15.332 13.666 15.332 13.2559V7.77734C15.332 7.64714 15.3255 7.51367 15.3125 7.37695C15.306 7.24023 15.2897 7.11654 15.2637 7.00586C15.0293 6.9082 14.7493 6.85938 14.4238 6.85938H13.4766V5.92188C13.5547 5.90234 13.6751 5.88281 13.8379 5.86328C14.0072 5.83724 14.196 5.81445 14.4043 5.79492C14.6191 5.77539 14.8503 5.75911 15.0977 5.74609C15.3451 5.73307 15.5924 5.72656 15.8398 5.72656C16.1523 5.72656 16.4453 5.74284 16.7188 5.77539C16.9987 5.80143 17.2298 5.85026 17.4121 5.92188V13.373C17.4121 13.7441 17.4284 14.0632 17.4609 14.3301C17.4935 14.5905 17.5326 14.8184 17.5781 15.0137H18.9844L19.082 15.8926Z"
            mask="url(#path-1-outside-1)"
            stroke="#E03838"
            strokeWidth="1.2"
          />
          <path
            d="M30.5957 13.373C30.5957 13.7441 30.612 14.0632 30.6445 14.3301C30.6771 14.5905 30.7161 14.8184 30.7617 15.0137H32.168L32.2754 15.8828C31.6178 16.0456 30.7487 16.127 29.668 16.127C29.5312 16.127 29.3913 16.1139 29.248 16.0879C29.1048 16.0684 28.9746 16.026 28.8574 15.9609C28.7402 15.8958 28.6426 15.8112 28.5645 15.707C28.4928 15.5964 28.457 15.4531 28.457 15.2773C28.457 14.9583 28.4668 14.6328 28.4863 14.3008C28.5059 13.9622 28.5156 13.5879 28.5156 13.1777V9.64258C28.5156 9.12826 28.4701 8.69531 28.3789 8.34375C28.2943 7.98568 28.1738 7.69596 28.0176 7.47461C27.8678 7.25326 27.6888 7.09701 27.4805 7.00586C27.2786 6.9082 27.0605 6.85938 26.8262 6.85938C26.5658 6.85938 26.2923 6.9082 26.0059 7.00586C25.7259 7.09701 25.4525 7.2207 25.1855 7.37695C24.9186 7.5332 24.668 7.71224 24.4336 7.91406C24.1992 8.10938 24.0007 8.3112 23.8379 8.51953V13.6855C23.8379 13.972 23.8444 14.2096 23.8574 14.3984C23.8704 14.5807 23.9128 14.7305 23.9844 14.8477C24.0625 14.9648 24.1797 15.0592 24.3359 15.1309C24.4922 15.196 24.7168 15.2513 25.0098 15.2969L25.0879 16.127C24.7168 16.0879 24.3229 16.0553 23.9062 16.0293C23.4961 16.0098 23.0762 16 22.6465 16C22.2559 16 21.8783 16.0098 21.5137 16.0293C21.1491 16.0488 20.8105 16.0814 20.498 16.127L20.5273 15.2969C20.8333 15.2578 21.0677 15.2122 21.2305 15.1602C21.3997 15.1081 21.5202 15.0332 21.5918 14.9355C21.6699 14.8379 21.7155 14.7142 21.7285 14.5645C21.7415 14.4147 21.748 14.2227 21.748 13.9883V7.74805C21.748 7.61784 21.7415 7.49089 21.7285 7.36719C21.722 7.23698 21.7057 7.11654 21.6797 7.00586C21.5885 6.95378 21.4876 6.91797 21.377 6.89844C21.2728 6.8724 21.1458 6.85938 20.9961 6.85938H19.8926V5.92188C19.9707 5.90234 20.0911 5.88281 20.2539 5.86328C20.4167 5.83724 20.6022 5.81445 20.8105 5.79492C21.0189 5.77539 21.2435 5.75911 21.4844 5.74609C21.7318 5.73307 21.9792 5.72656 22.2266 5.72656C22.5391 5.72656 22.832 5.74284 23.1055 5.77539C23.3854 5.80143 23.6133 5.85026 23.7891 5.92188V7.15234C24.0365 6.91146 24.3066 6.69661 24.5996 6.50781C24.8991 6.31901 25.2083 6.15951 25.5273 6.0293C25.8529 5.89909 26.1816 5.80143 26.5137 5.73633C26.8457 5.66471 27.1712 5.62891 27.4902 5.62891C27.9004 5.62891 28.291 5.6875 28.6621 5.80469C29.0397 5.92188 29.3717 6.10742 29.6582 6.36133C29.9447 6.60872 30.1725 6.93099 30.3418 7.32812C30.5111 7.71875 30.5957 8.1875 30.5957 8.73438V13.373Z"
            mask="url(#path-1-outside-1)"
            stroke="#E03838"
            strokeWidth="1.2"
          />
          <path
            d="M41.6504 12.6309C41.6504 11.7454 41.6406 10.9089 41.6211 10.1211C41.6081 9.33333 41.5788 8.5651 41.5332 7.81641C41.3835 7.65365 41.2044 7.50716 40.9961 7.37695C40.7878 7.24674 40.5697 7.13607 40.3418 7.04492C40.1139 6.94727 39.8796 6.87565 39.6387 6.83008C39.4043 6.77799 39.1797 6.75195 38.9648 6.75195C38.457 6.75195 38.0273 6.85286 37.6758 7.05469C37.3242 7.25651 37.0345 7.54297 36.8066 7.91406C36.5853 8.28516 36.4225 8.73112 36.3184 9.25195C36.2207 9.77279 36.1719 10.349 36.1719 10.9805C36.1719 12.3607 36.3997 13.3796 36.8555 14.0371C37.3177 14.6882 38.0046 15.0137 38.916 15.0137C39.235 15.0137 39.5378 14.9616 39.8242 14.8574C40.1172 14.7467 40.3809 14.5905 40.6152 14.3887C40.8561 14.1803 41.0645 13.9297 41.2402 13.6367C41.416 13.3372 41.5527 13.002 41.6504 12.6309ZM43.7012 13.373C43.7012 13.7441 43.7174 14.0632 43.75 14.3301C43.7826 14.5905 43.8216 14.8184 43.8672 15.0137H45.5566V15.8535C45.2246 15.9382 44.847 16.0033 44.4238 16.0488C44.0072 16.0944 43.5449 16.1172 43.0371 16.1172C42.8092 16.1172 42.6107 16.1107 42.4414 16.0977C42.2721 16.0911 42.1322 16.0586 42.0215 16C41.9108 15.9414 41.8262 15.8503 41.7676 15.7266C41.7155 15.5964 41.6895 15.4141 41.6895 15.1797V14.7109C41.4746 14.9844 41.2337 15.2188 40.9668 15.4141C40.7064 15.6029 40.4297 15.7591 40.1367 15.8828C39.8438 16.0065 39.5378 16.0944 39.2188 16.1465C38.9062 16.2051 38.5905 16.2344 38.2715 16.2344C37.6725 16.2344 37.1094 16.127 36.582 15.9121C36.0612 15.6973 35.6022 15.375 35.2051 14.9453C34.8145 14.5156 34.5052 13.9785 34.2773 13.334C34.0495 12.6895 33.9355 11.9408 33.9355 11.0879C33.9355 10.209 34.0365 9.42773 34.2383 8.74414C34.4401 8.05404 34.7298 7.47461 35.1074 7.00586C35.4915 6.5306 35.957 6.17253 36.5039 5.93164C37.0573 5.68424 37.6823 5.56055 38.3789 5.56055C39.0495 5.56055 39.6484 5.67122 40.1758 5.89258C40.7096 6.10742 41.1914 6.42969 41.6211 6.85938V2.77734C41.6211 2.4388 41.5983 2.1556 41.5527 1.92773C41.429 1.88867 41.2988 1.85612 41.1621 1.83008C41.0319 1.80404 40.8789 1.79102 40.7031 1.79102H39.7559V0.941406C40.0879 0.863281 40.5404 0.801432 41.1133 0.755859C41.6862 0.703776 42.3372 0.677734 43.0664 0.677734C43.1771 0.677734 43.278 0.68099 43.3691 0.6875C43.4668 0.6875 43.5514 0.69401 43.623 0.707031C43.6556 0.817708 43.6751 0.938151 43.6816 1.06836C43.6947 1.19857 43.7012 1.33854 43.7012 1.48828V13.373Z"
            mask="url(#path-1-outside-1)"
            stroke="#E03838"
            strokeWidth="1.2"
          />
          <path
            d="M49.7852 16C49.2578 16 48.7402 16.0065 48.2324 16.0195C47.7311 16.0391 47.2168 16.0781 46.6895 16.1367V14.7695H47.5586C47.7539 14.7695 47.9329 14.7663 48.0957 14.7598C48.265 14.7533 48.4212 14.7272 48.5645 14.6816C48.6686 14.3952 48.7207 14.0013 48.7207 13.5V4.4668C48.7207 4.21289 48.7077 3.99154 48.6816 3.80273C48.6556 3.61393 48.6165 3.44466 48.5645 3.29492C48.4212 3.24284 48.265 3.21354 48.0957 3.20703C47.9329 3.19401 47.7539 3.1875 47.5586 3.1875H46.6797V2.11328C47.1289 2.0612 47.6009 2.02539 48.0957 2.00586C48.5905 1.97982 49.1439 1.9668 49.7559 1.9668C50.3874 1.9668 50.9701 1.97331 51.5039 1.98633C52.0443 1.99935 52.513 2.04167 52.9102 2.11328V3.1875H52.002C51.8132 3.1875 51.6341 3.19401 51.4648 3.20703C51.3021 3.21354 51.1458 3.24284 50.9961 3.29492C50.9505 3.44466 50.9147 3.61393 50.8887 3.80273C50.8691 3.99154 50.8594 4.21289 50.8594 4.4668V14.7695H54.5801C54.9121 14.7695 55.2148 14.7598 55.4883 14.7402C55.7617 14.7142 56.0059 14.6426 56.2207 14.5254C56.4421 14.4017 56.6341 14.2064 56.7969 13.9395C56.9661 13.6725 57.1126 13.2949 57.2363 12.8066L58.0762 12.9238L57.7148 16C57.1419 16.0391 56.582 16.0716 56.0352 16.0977C55.4883 16.1237 54.9512 16.1367 54.4238 16.1367C53.4538 16.1367 52.5749 16.1139 51.7871 16.0684C51.0059 16.0228 50.3385 16 49.7852 16Z"
            mask="url(#path-1-outside-1)"
            stroke="#E03838"
            strokeWidth="1.2"
          />
          <path
            d="M70.3711 10.9414C70.3711 11.8138 70.2311 12.582 69.9512 13.2461C69.6777 13.9036 69.3066 14.4538 68.8379 14.8965C68.3691 15.3392 67.8223 15.6745 67.1973 15.9023C66.5723 16.1237 65.9082 16.2344 65.2051 16.2344C64.4759 16.2344 63.7956 16.1172 63.1641 15.8828C62.5391 15.6484 61.9922 15.3066 61.5234 14.8574C61.0612 14.4082 60.6966 13.8548 60.4297 13.1973C60.1628 12.5397 60.0293 11.7878 60.0293 10.9414C60.0293 10.1016 60.1628 9.35286 60.4297 8.69531C60.6966 8.03776 61.0612 7.48438 61.5234 7.03516C61.9922 6.57943 62.5391 6.23112 63.1641 5.99023C63.7956 5.74935 64.4759 5.62891 65.2051 5.62891C65.9277 5.62891 66.6048 5.74935 67.2363 5.99023C67.8678 6.23112 68.4147 6.57943 68.877 7.03516C69.3392 7.48438 69.7038 8.03776 69.9707 8.69531C70.2376 9.35286 70.3711 10.1016 70.3711 10.9414ZM62.2656 10.9316C62.2656 12.377 62.5 13.4414 62.9688 14.125C63.444 14.8086 64.1862 15.1504 65.1953 15.1504C65.7227 15.1504 66.1719 15.0625 66.543 14.8867C66.9206 14.7109 67.2266 14.4473 67.4609 14.0957C67.6953 13.7441 67.8646 13.3047 67.9688 12.7773C68.0794 12.25 68.1348 11.6348 68.1348 10.9316C68.1348 9.53841 67.8971 8.49674 67.4219 7.80664C66.9531 7.11003 66.2109 6.76172 65.1953 6.76172C64.6745 6.76172 64.2285 6.85286 63.8574 7.03516C63.4863 7.21094 63.1836 7.47461 62.9492 7.82617C62.7148 8.17773 62.5423 8.61393 62.4316 9.13477C62.321 9.6556 62.2656 10.2546 62.2656 10.9316Z"
            mask="url(#path-1-outside-1)"
            stroke="#E03838"
            strokeWidth="1.2"
          />
          <path
            d="M80.918 7.8457C80.9766 7.69596 81.0254 7.55273 81.0645 7.41602C81.1035 7.27279 81.1426 7.13607 81.1816 7.00586C81.0905 6.95378 80.9831 6.91797 80.8594 6.89844C80.7422 6.8724 80.5924 6.85938 80.4102 6.85938H79.873L79.9805 5.92188C80.2344 5.85026 80.5436 5.80143 80.9082 5.77539C81.2793 5.74284 81.6992 5.72656 82.168 5.72656C82.6432 5.72656 83.0664 5.74284 83.4375 5.77539C83.8086 5.80143 84.0983 5.85026 84.3066 5.92188V6.85938H83.7793C83.4538 6.85938 83.1543 6.9082 82.8809 7.00586C82.7897 7.12956 82.666 7.35742 82.5098 7.68945C82.3535 8.02148 82.1777 8.41211 81.9824 8.86133C81.7871 9.31055 81.582 9.79883 81.3672 10.3262C81.1523 10.847 80.9408 11.3613 80.7324 11.8691C80.5241 12.3704 80.3255 12.8424 80.1367 13.2852C79.9544 13.7279 79.7982 14.0924 79.668 14.3789L78.8965 16.0781H77.8027C77.6986 16.0781 77.6074 16.0749 77.5293 16.0684C77.4577 16.0684 77.3893 16.0586 77.3242 16.0391C77.2591 16.026 77.1973 16.0033 77.1387 15.9707C77.0866 15.9316 77.0312 15.8763 76.9727 15.8047L73.6133 7.8457C73.5482 7.69596 73.4766 7.55273 73.3984 7.41602C73.3268 7.27279 73.2454 7.13607 73.1543 7.00586C73.0176 6.95378 72.8776 6.91797 72.7344 6.89844C72.5911 6.8724 72.4316 6.85938 72.2559 6.85938H71.7188L71.5625 5.92188C71.7904 5.85026 72.0996 5.80143 72.4902 5.77539C72.8809 5.74284 73.3398 5.72656 73.8672 5.72656C74.4596 5.72656 75 5.74284 75.4883 5.77539C75.9831 5.80143 76.39 5.85026 76.709 5.92188L76.875 6.85938H76.3379C75.9993 6.85938 75.7389 6.9082 75.5566 7.00586C75.5827 7.13607 75.625 7.27279 75.6836 7.41602C75.7487 7.55273 75.8073 7.69596 75.8594 7.8457C76.3607 9.24544 76.8229 10.4889 77.2461 11.5762C77.6693 12.6569 78.0599 13.6204 78.418 14.4668L80.918 7.8457Z"
            mask="url(#path-1-outside-1)"
            stroke="#E03838"
            strokeWidth="1.2"
          />
          <path
            d="M92.6855 10.1016C92.6986 10.0755 92.7051 10.0495 92.7051 10.0234C92.7051 9.9974 92.7051 9.9681 92.7051 9.93555C92.7051 9.50586 92.6595 9.09896 92.5684 8.71484C92.4837 8.32422 92.347 7.98242 92.1582 7.68945C91.9694 7.38997 91.722 7.1556 91.416 6.98633C91.1165 6.81055 90.7487 6.72266 90.3125 6.72266C89.4466 6.72266 88.7891 7.00911 88.3398 7.58203C87.8971 8.15495 87.6465 8.99479 87.5879 10.1016H92.6855ZM94.5898 14.3691C94.2188 15.0202 93.7077 15.4954 93.0566 15.7949C92.4056 16.0879 91.6146 16.2344 90.6836 16.2344C89.8958 16.2344 89.1797 16.1172 88.5352 15.8828C87.8971 15.6484 87.3503 15.3066 86.8945 14.8574C86.4453 14.4017 86.097 13.8451 85.8496 13.1875C85.6022 12.5299 85.4785 11.778 85.4785 10.9316C85.4785 10.1113 85.599 9.37565 85.8398 8.72461C86.0807 8.06706 86.4258 7.51042 86.875 7.05469C87.3242 6.59896 87.8646 6.25065 88.4961 6.00977C89.1341 5.76237 89.8503 5.63867 90.6445 5.63867C91.2305 5.63867 91.7773 5.72982 92.2852 5.91211C92.793 6.08789 93.2324 6.34505 93.6035 6.68359C93.9811 7.01562 94.2741 7.42578 94.4824 7.91406C94.6973 8.40234 94.8047 8.95247 94.8047 9.56445C94.8047 9.93555 94.7721 10.2318 94.707 10.4531C94.6484 10.6745 94.5573 10.8438 94.4336 10.9609C94.3164 11.0781 94.1634 11.1562 93.9746 11.1953C93.7923 11.2279 93.5742 11.2441 93.3203 11.2441H87.5977C87.6693 12.5007 88.0013 13.4447 88.5938 14.0762C89.1927 14.7012 89.9967 15.0137 91.0059 15.0137C91.5332 15.0137 92.0247 14.9323 92.4805 14.7695C92.9362 14.6068 93.3594 14.3496 93.75 13.998L94.5898 14.3691Z"
            mask="url(#path-1-outside-1)"
            stroke="#E03838"
            strokeWidth="1.2"
          />
          <path
            d="M98.8281 4.4668C98.8281 3.95247 98.776 3.56185 98.6719 3.29492C98.5286 3.24284 98.3724 3.21354 98.2031 3.20703C98.0339 3.19401 97.8548 3.1875 97.666 3.1875H96.582V2.11328C96.8229 2.09375 97.0475 2.07747 97.2559 2.06445C97.4707 2.04492 97.6823 2.02865 97.8906 2.01562C98.099 1.99609 98.3105 1.98307 98.5254 1.97656C98.7467 1.97005 98.9909 1.9668 99.2578 1.9668C99.6094 1.9668 99.9251 1.97331 100.205 1.98633C100.492 1.99284 100.758 2.02865 101.006 2.09375C101.572 2.96615 102.155 3.87435 102.754 4.81836C103.359 5.75586 103.965 6.70964 104.57 7.67969C105.182 8.64323 105.785 9.61003 106.377 10.5801C106.969 11.5436 107.539 12.4876 108.086 13.4121C108.086 13.0671 108.083 12.6439 108.076 12.1426C108.07 11.6413 108.06 11.1042 108.047 10.5312C108.04 9.95833 108.031 9.3724 108.018 8.77344C108.005 8.16797 107.992 7.5918 107.979 7.04492C107.972 6.49154 107.965 5.99023 107.959 5.54102C107.952 5.0918 107.949 4.73372 107.949 4.4668C107.949 3.95247 107.897 3.56185 107.793 3.29492C107.65 3.24935 107.493 3.22005 107.324 3.20703C107.155 3.19401 106.976 3.1875 106.787 3.1875H105.801V2.11328C106.237 2.05469 106.693 2.01562 107.168 1.99609C107.643 1.97656 108.167 1.9668 108.74 1.9668C109.268 1.9668 109.775 1.97331 110.264 1.98633C110.752 1.99935 111.172 2.04167 111.523 2.11328V3.1875H110.742C110.553 3.1875 110.374 3.19401 110.205 3.20703C110.036 3.22005 109.88 3.24935 109.736 3.29492C109.684 3.44466 109.645 3.61393 109.619 3.80273C109.6 3.99154 109.59 4.21289 109.59 4.4668C109.59 5.3457 109.58 6.28646 109.561 7.28906C109.541 8.29167 109.515 9.30729 109.482 10.3359C109.456 11.3581 109.427 12.3672 109.395 13.3633C109.362 14.3529 109.333 15.2773 109.307 16.1367H108.291C108.096 16.1367 107.93 16.1204 107.793 16.0879C107.656 16.0553 107.526 16.0033 107.402 15.9316L100.312 4.65234C100.326 5.01693 100.339 5.51497 100.352 6.14648C100.365 6.77148 100.378 7.47786 100.391 8.26562C100.404 9.05339 100.413 9.89648 100.42 10.7949C100.433 11.6868 100.443 12.5788 100.449 13.4707C100.449 13.7441 100.459 13.9785 100.479 14.1738C100.505 14.3626 100.54 14.5319 100.586 14.6816C100.729 14.7207 100.885 14.7467 101.055 14.7598C101.224 14.7663 101.403 14.7695 101.592 14.7695H102.48V16.1367C102.012 16.0716 101.569 16.0326 101.152 16.0195C100.742 16.0065 100.335 16 99.9316 16C99.3783 16 98.8542 16.0065 98.3594 16.0195C97.8646 16.0326 97.347 16.0716 96.8066 16.1367V14.7695H97.6758C97.8646 14.7695 98.0436 14.7663 98.2129 14.7598C98.3822 14.7533 98.5384 14.7272 98.6816 14.6816C98.7858 14.4147 98.8379 14.0208 98.8379 13.5L98.8281 4.4668Z"
            mask="url(#path-1-outside-1)"
            stroke="#E03838"
            strokeWidth="1.2"
          />
          <path
            d="M123.535 10.9414C123.535 11.8138 123.395 12.582 123.115 13.2461C122.842 13.9036 122.471 14.4538 122.002 14.8965C121.533 15.3392 120.986 15.6745 120.361 15.9023C119.736 16.1237 119.072 16.2344 118.369 16.2344C117.64 16.2344 116.96 16.1172 116.328 15.8828C115.703 15.6484 115.156 15.3066 114.688 14.8574C114.225 14.4082 113.861 13.8548 113.594 13.1973C113.327 12.5397 113.193 11.7878 113.193 10.9414C113.193 10.1016 113.327 9.35286 113.594 8.69531C113.861 8.03776 114.225 7.48438 114.688 7.03516C115.156 6.57943 115.703 6.23112 116.328 5.99023C116.96 5.74935 117.64 5.62891 118.369 5.62891C119.092 5.62891 119.769 5.74935 120.4 5.99023C121.032 6.23112 121.579 6.57943 122.041 7.03516C122.503 7.48438 122.868 8.03776 123.135 8.69531C123.402 9.35286 123.535 10.1016 123.535 10.9414ZM115.43 10.9316C115.43 12.377 115.664 13.4414 116.133 14.125C116.608 14.8086 117.35 15.1504 118.359 15.1504C118.887 15.1504 119.336 15.0625 119.707 14.8867C120.085 14.7109 120.391 14.4473 120.625 14.0957C120.859 13.7441 121.029 13.3047 121.133 12.7773C121.243 12.25 121.299 11.6348 121.299 10.9316C121.299 9.53841 121.061 8.49674 120.586 7.80664C120.117 7.11003 119.375 6.76172 118.359 6.76172C117.839 6.76172 117.393 6.85286 117.021 7.03516C116.65 7.21094 116.348 7.47461 116.113 7.82617C115.879 8.17773 115.706 8.61393 115.596 9.13477C115.485 9.6556 115.43 10.2546 115.43 10.9316Z"
            mask="url(#path-1-outside-1)"
            stroke="#E03838"
            strokeWidth="1.2"
          />
          <path
            d="M139.844 7.8457C139.889 7.69596 139.919 7.55273 139.932 7.41602C139.951 7.27279 139.99 7.13607 140.049 7.00586C139.958 6.95378 139.86 6.91797 139.756 6.89844C139.652 6.8724 139.512 6.85938 139.336 6.85938H138.799L138.906 5.92188C139.16 5.85026 139.469 5.80143 139.834 5.77539C140.199 5.74284 140.615 5.72656 141.084 5.72656C141.559 5.72656 141.982 5.74284 142.354 5.77539C142.731 5.80143 143.024 5.85026 143.232 5.92188V6.85938H142.705C142.367 6.85938 142.067 6.9082 141.807 7.00586C141.572 7.65039 141.338 8.29818 141.104 8.94922C140.876 9.59375 140.651 10.222 140.43 10.834C140.208 11.4395 139.997 12.0189 139.795 12.5723C139.6 13.1257 139.421 13.6335 139.258 14.0957C139.095 14.5514 138.952 14.9518 138.828 15.2969C138.704 15.6354 138.61 15.8958 138.545 16.0781H137.422C137.207 16.0781 137.035 16.0618 136.904 16.0293C136.774 15.9967 136.667 15.9447 136.582 15.873C136.497 15.7949 136.429 15.7005 136.377 15.5898C136.331 15.4792 136.283 15.3457 136.23 15.1895L134.16 9.06641C133.984 9.58724 133.789 10.1569 133.574 10.7754C133.366 11.3874 133.148 12.0059 132.92 12.6309C132.699 13.2559 132.48 13.8646 132.266 14.457C132.051 15.0495 131.852 15.5898 131.67 16.0781H130.547C130.163 16.0781 129.899 16.0391 129.756 15.9609C129.613 15.8763 129.525 15.7754 129.492 15.6582L126.699 7.8457C126.647 7.69596 126.579 7.55273 126.494 7.41602C126.416 7.27279 126.331 7.13607 126.24 7.00586C125.986 6.9082 125.69 6.85938 125.352 6.85938H124.824L124.668 5.92188C124.883 5.85026 125.176 5.80143 125.547 5.77539C125.918 5.74284 126.357 5.72656 126.865 5.72656C127.458 5.72656 127.998 5.74284 128.486 5.77539C128.981 5.80143 129.388 5.85026 129.707 5.92188L129.873 6.85938H129.336C128.991 6.85938 128.737 6.9082 128.574 7.00586L131.064 14.5742L132.139 11.2246C132.282 10.7754 132.428 10.3132 132.578 9.83789C132.734 9.36263 132.884 8.90365 133.027 8.46094C133.171 8.01172 133.304 7.59505 133.428 7.21094C133.558 6.82031 133.669 6.48177 133.76 6.19531H134.297C134.57 6.19531 134.788 6.21484 134.951 6.25391C135.114 6.28646 135.221 6.38086 135.273 6.53711L137.93 14.7012L139.844 7.8457Z"
            mask="url(#path-1-outside-1)"
            stroke="#E03838"
            strokeWidth="1.2"
          />
        </svg>
      </a>
    </span>
    <button
      aria-controls="responsive-navbar-nav"
      aria-label="Toggle navigation"
      className="navbar-toggler collapsed"
      onClick={[Function]}
      type="button"
    >
      <span
        className="navbar-toggler-icon"
      />
    </button>
    <div
      aria-expanded={null}
      className="navbar-collapse collapse"
    >
      <div
        className="mr-auto navbar-nav"
        onKeyDown={[Function]}
      />
      <div
        className="navbar-nav"
        onKeyDown={[Function]}
      >
        <form
          className="form-inline"
        >
          <a
            className=" nav-link mr-4"
            href="/"
            onClick={[Function]}
          >
            <div
              className="NavBar-l2-color"
            >
              Home
            </div>
          </a>
          <a
            className=" nav-link mr-4"
            href="/About"
            onClick={[Function]}
          >
            <div
              className="NavBar-l2-color"
            >
              About
            </div>
          </a>
        </form>
        <form
          className="NavBar-b-color form-inline"
        >
          <a
            href="/Login"
            onClick={[Function]}
          >
            <div
              className="NavBar-l-color p-2"
            >
              Login
            </div>
          </a>
          <div
            className="NavBar-l-color"
          >
            |
          </div>
          <a
            href="/Register"
            onClick={[Function]}
          >
            <div
              className="NavBar-l-color p-2"
            >
              Register
            </div>
          </a>
        </form>
      </div>
    </div>
  </nav>,
  <div
    className="p-4"
  >
    <div
      className="Matches-container container"
    >
      <div
        className="fade finding-match alert alert-info show"
        id="finding"
        role="alert"
      >
        Please wait find the perfect match !
      </div>
    </div>
  </div>,
  <footer
    className="footer-size mt-5"
  >
    <div
      className="container-fluid"
    >
      <div
        className="border-top justify-content-md-center p-3 row"
      >
        <div
          className="col-sm-auto"
        >
          © 2020
        </div>
        <div
          className="col-sm-auto"
        >
          <a
            className="Contact-color"
            href="/About"
            onClick={[Function]}
          >
            Contact Us
          </a>
        </div>
      </div>
    </div>
  </footer>,
]
`;
