// Jest Snapshot v1, https://goo.gl/fbAQLP

exports[`SingleBar renders 1`] = `
<button
  className="sc-bdfBwQ fFLQgX"
/>
`;
